{"evVer":1,"rqNetId":"tx17215560883321414050324536238","rqNetTs":"1715560883607","rqData":"{\"request_log\":\"{\\\"id\\\":\\\"tx172155608833214140536247\\\",\\\"imp\\\":[{\\\"id\\\":\\\"937091cb41ecae55c98d1ae925bb0d81\\\",\\\"instl\\\":0,\\\"tagid\\\":\\\"cbc5a5ce1ac9c56ab70bc18eff3a1e13\\\",\\\"bidfloor\\\":0.14,\\\"bidfloorcur\\\":\\\"USD\\\",\\\"secure\\\":1,\\\"banner\\\":{\\\"w\\\":320,\\\"h\\\":50,\\\"pos\\\":0,\\\"id\\\":\\\"tx1721556088332141405\\\",\\\"wmin\\\":200,\\\"hmin\\\":35,\\\"wmax\\\":336,\\\"hmax\\\":52,\\\"api\\\":[3,5,6,7]},\\\"displaymanager\\\":\\\"APS\\\",\\\"displaymanagerver\\\":\\\"4.4.0\\\"}],\\\"device\\\":{\\\"ua\\\":\\\"Mozilla\\\\\\/5.0 (Linux; Android 14; Pixel 7 Pro Build\\\\\\/AP1A.240505.005.A1; wv) AppleWebKit\\\\\\/537.36 (KHTML, like Gecko) Version\\\\\\/4.0 Chrome\\\\\\/124.0.6367.123 Mobile Safari\\\\\\/537.36\\\",\\\"geo\\\":{\\\"country\\\":\\\"USA\\\",\\\"lat\\\":40.4441,\\\"lon\\\":-75.345,\\\"type\\\":1},\\\"dnt\\\":0,\\\"lmt\\\":0,\\\"devicety{"evVer":1,"rqNetId":"tx63515561140149562250124503440","rqNetTs":"1715561140327","rqData":"{\"request_log\":\"{\\\"id\\\":\\\"tx635155611401495622503458\\\",\\\"imp\\\":[{\\\"id\\\":\\\"c08922ff00c25569770091396f40242f\\\",\\\"instl\\\":0,\\\"tagid\\\":\\\"5d3ad39aad4de371337b44d17219628a\\\",\\\"bidfloor\\\":0.42,\\\"bidfloorcur\\\":\\\"USD\\\",\\\"secure\\\":1,\\\"banner\\\":{\\\"w\\\":320,\\\"h\\\":50,\\\"pos\\\":0,\\\"id\\\":\\\"tx6351556114014956225\\\",\\\"wmin\\\":200,\\\"hmin\\\":35,\\\"wmax\\\":336,\\\"hmax\\\":52,\\\"api\\\":[]},\\\"displaymanager\\\":\\\"SDK\\\",\\\"displaymanagerver\\\":\\\"1.0\\\"}],\\\"device\\\":{\\\"ua\\\":\\\"Mozilla\\\\\\/5.0 (iPhone; CPU iPhone OS 17_4_1 like Mac OS X) AppleWebKit\\\\\\/605.1.15 (KHTML, like Gecko) Mobile\\\\\\/15E148\\\",\\\"geo\\\":{\\\"country\\\":\\\"USA\\\",\\\"lat\\\":40.7162,\\\"lon\\\":-73.9229,\\\"type\\\":1},\\\"dnt\\\":0,\\\"lmt\\\":0,\\\"devicetype\\\":4,\\\"make\\\":\\\"Apple\\\",\\\"model\\\":\\\"iPhone 15 Pro Max\\\",\\\"ifa\\\":\\\"CF5B1781-511D-41A6-A342-13F0040A9A56\\\",\\\"connectiontype\\\":0,\\\"js\\\":1,\\\"os\\\":\\\"iOS\\\",\\\"osv\\\":\\\"17.4.1\\\",\\\"language\\\":\\\"fr\\\",\\\"h\\\":932,\\\"w\\\":430,\\\"pxratio\\\":3,\\\"ip\\\":\\\"172.56.165.0\\\"},\\\"test\\\":0,\\\"at\\\":1,\\\"cur\\\":[\\\"USD\\\"],\\\"tmax\\\":185,\\\"badv\\\":[\\\"gomhuriaonline.com\\\",\\\"raialyoum.com\\\",\\\"sociallyawareinternational.com\\\",\\\"https:\\\\\\/\\\\\\/super.walmart.com.mx\\\\\\/blocked\\\",\\\"atx22src54d.net\\\"],\\\"allimps\\\":0,\\\"app\\\":{\\\"id\\\":\\\"800390245\\\",\\\"name\\\":\\\"Ten Crush\\\",\\\"publisher\\\":{\\\"id\\\":\\\"42487\\\",\\\"name\\\":\\\"Melons TAM\\\"},\\\"bundle\\\":\\\"1603356904\\\",\\\"storeurl\\\":\\\"https:\\\\\\/\\\\\\/apps.apple.com\\\\\\/fr\\\\\\/app\\\\\\/ten-crush\\\\\\/id1603356904\\\",\\\"ver\\\":\\\"196\\\",\\\"privacypolicy\\\":1,\\\"paid\\\":0,\\\"content\\\":{\\\"cattax\\\":1,\\\"userrating\\\":\\\"4.93\\\",\\\"livestream\\\":0}},\\\"user\\\":{\\\"geo\\\":{\\\"country\\\":\\\"USA\\\",\\\"lat\\\":40.7162,\\\"lon\\\":-73.9229,\\\"type\\\":1}},\\\"regs\\\":{\\\"ext\\\":{\\\"rewarded\\\":0,\\\"gdpr\\\":0}},\\\"ext\\\":{\\\"schain\\\":{\\\"ver\\\":\\\"1.0\\\",\\\"complete\\\":1,\\\"nodes\\\":[{\\\"asi\\\":\\\"tappx.com\\\",\\\"sid\\\":\\\"42487\\\",\\\"rid\\\":\\\"tx635155611401495622503458\\\",\\\"hp\\\":1}]}}}\",\"endpoint\":\"ZZ42487KW\",\"ad\":\"{\\\"id\\\":\\\"tx635155611401495622503458\\\",\\\"seatbid\\\":[{\\\"bid\\\":[{\\\"id\\\":\\\"1ed3079c38b9cc5dec69529c099878065f355f323133325f343231355f4368617274626f6f7374\\\",\\\"impid\\\":\\\"c08922ff00c25569770091396f40242f\\\",\\\"price\\\":0.420000,\\\"nurl\\\":\\\"https:\\/\\/dsp02.apptimus.media\\/?t\u003dnurl\u0026bwpr\u003d${AUCTION_PRICE}\u0026uniq\u003d1ed3079c38b9cc5dec69529c099878065f355f323133325f343231355f4368617274626f6f7374\\\",\\\"adm\\\":\\\"\u003cdiv id\u003d\\\\\\\"wrapper_1ed3079c38b9cc5dec69529c099878065f355f323133325f343231355f4368617274626f6f7374\\\\\\\"\u003e  \u003cdiv id\u003d\\\\\\\"HBpgtKomj\\\\\\\"\u003e   \u003ca id\u003d\\\\\\\"HBpgtKomj-l\\\\\\\"   href\u003d\\\\\\\"https:\\/\\/app.appsflyer.com\\/id327962480?pid\u003dapptimus_int\u0026af_prt\u003dmoblin\u0026af_siteid\u003d{pid}\u0026af_c_id\u003d{offer_id}\u0026af_click_lookback\u003d7d\u0026clickid\u003d1ed3079c38b9cc5dec69529c099878065f355f323133325f343231355f4368617274626f6f7374\u0026c\u003d1038638:Zoomd_PD_iOS_US_NonSkan_PartnerThree\u0026af_sub_siteid\u003d{sub6}\u0026af_channel\u003dUAC_Display\u0026af_ad_type\u003dbanner\u0026af_adset\u003d{sub7}\u0026af_adset_id\u003d{avp1}\u0026af_ad\u003d{sub2}\u0026af_ad_id\u003d{avp2}\u0026af_media_type\u003dapp\u0026af_model\u003diphone\u0026af_cost_currency\u003dusd\u0026af_cost_model\u003dCPI\u0026af_ua\u003d{device_ua}\u0026af_os\u003dios\u0026af_ip\u003d172.56.165.0\u0026idfa\u003d{sub5} \\\\\\\"   target\u003d\\\\\\\"_blank\\\\\\\" rel\u003d\\\\\\\"external\\\\\\\"\u003e   \u003cimg id\u003d\\\\\\\"HBpgtKomj-i\\\\\\\" src\u003d\\\\\\\"https:\\/\\/earnose1010.com\\/banners\\/redfin_us_ios_v3_rf_logo_320x50_may_23-1685527483.jpg\\\\\\\"\u003e   \u003c\\/a\u003e  \u003c\\/div\u003e    \u003cscript type\u003d\\\\\\\"text\\/javascript\\\\\\\"\u003e   (function () {   function trackScriptLoad() {   var trackingPixel \u003d new Image();   trackingPixel.src \u003d \u0027https:\\/\\/prize-eagle-2024.com\\/banner_impression?sub1\u003d1ed3079c38b9cc5dec69529c099878065f355f323133325f343231355f4368617274626f6f7374\u0026sub2\u003d_ee7aefa4d6f0f7c4cfd422c3e5367325a16f79543dafc7a61d4a069cc760466e\u0026sub3\u003dTenCrush\u0026sub4\u003d1603356904\u0026sub5\u003dCF5B1781-511D-41A6-A342-13F0040A9A56\u0026sub7\u003dDirect_US_iOS_Chartboost_Tmo_int_1171_2132\u0026sub8\u003dChartboost\u0026sub9\u003d40.6764\u0026sub10\u003d-73.8753\u0027;   }     var script \u003d document.createElement(\u0027script\u0027);   script.type \u003d \u0027text\\/javascript\u0027;   script.async \u003d true;   script.src \u003d \u0027https:\\/\\/prize-eagle-2024.com\\/banner\\/v10.js?cid\u003d1171\u0026sub8\u003dChartboost\u0026sub4\u003d1603356904\u0026sub10\u003d-73.8753\u0026td\u003dHBpgtKomj\u0026sub2\u003d66Tmo_ee7aefa4d6f0f7c4cfd422c3e5367325a16f79543dafc7a61d4a069cc760466e\u0026sub5\u003dCF5B1781-511D-41A6-A342-13F0040A9A56\u0026sub7\u003dDirect_US_iOS_Chartboost_Tmo_int_1171_2132\u0026sub9\u003d40.6764\u0026sub1\u003d1ed3079c38b9cc5dec69529c099878065f355f323133325f343231355f4368617274626f6f7374\u0026sub3\u003dTenCrush\u0026rt\u003d\u0027;     script.onload \u003d function () {   console.log(\u0027Script loaded successfully.\u0027);   trackScriptLoad();    };   script.onerror \u003d function () {   console.error(\u0027Error loading the script.\u0027);   };     var d \u003d document;   var cd \u003d d.getElementById(\u0027HBpgtKomj\u0027);   cd.parentElement.insertBefore(script, cd);   })();  \u003c\\/script\u003e        \u003c\\/div\u003e\u003cscript type\u003d\\\\\\\"application\\/javascript\\\\\\\"\u003e  (function(){  var newImg \u003d document.createElement(\u0027img\u0027);  newImg.setAttribute(\u0027src\u0027, \u0027https:\\/\\/dsp02.apptimus.media\\/?t\u003dcheck\u0026uniq\u003d1ed3079c38b9cc5dec69529c099878065f355f323133325f343231355f4368617274626f6f7374\u0026u\u003d\u0027 + encodeURIComponent(window.location.hostname) );  newImg.setAttribute(\u0027alt\u0027, \u0027\u0027);  newImg.setAttribute(\u0027height\u0027, \u00271\u0027);  newImg.setAttribute(\u0027width\u0027, \u00271\u0027);  newImg.setAttribute(\u0027style\u0027, \u0027position: absolute;opacity: 0;\u0027);  document.getElementById(\u0027wrapper_1ed3079c38b9cc5dec69529c099878065f355f323133325f343231355f4368617274626f6f7374\u0027).appendChild(newImg);  })();  (function (){   var cld \u003d 0;   var iof \u003d false;   function pmt(){   iof \u003d false;   top.focus();   }   function pmo(){   iof \u003d true;   }   function scl(){   if( cld \u003d\u003d\u003d 0 ){   cld \u003d 1;   } else {   return true;   }   var red \u003d \u0027\u0027;   if( document.getElementById(\u0027wrapper_1ed3079c38b9cc5dec69529c099878065f355f323133325f343231355f4368617274626f6f7374\u0027).getElementsByTagName(\u0027a\u0027)[0] !\u003d undefined \u0026\u0026 document.getElementById(\u0027wrapper_1ed3079c38b9cc5dec69529c099878065f355f323133325f343231355f4368617274626f6f7374\u0027).getElementsByTagName(\u0027a\u0027)[0].target !\u003d\u003d \u0027_blank\u0027 ){   red \u003d document.getElementById(\u0027wrapper_1ed3079c38b9cc5dec69529c099878065f355f323133325f343231355f4368617274626f6f7374\u0027).getElementsByTagName(\u0027a\u0027)[0].href;   }   var s \u003d document.createElement(\u0027script\u0027);   s.type \u003d \u0027text\\/javascript\u0027;   s.async \u003d true;   s.src \u003d \u0027https:\\/\\/dsp02.apptimus.media\\/c.js?t\u003dclick\u0026k\u003d1ed3079c38b9cc5dec69529c099878065f355f323133325f343231355f4368617274626f6f7374\u0027;   var x \u003d document.getElementsByTagName(\u0027script\u0027)[0];   x.parentNode.insertBefore(s, x);   if( red ){   setTimeout(function (){   document.location \u003d red;   }, 250);   return false;   }   }   function pfc(){   if( iof ){   scl();   }   }   var element \u003d document.querySelectorAll(\u0027#wrapper_1ed3079c38b9cc5dec69529c099878065f355f323133325f343231355f4368617274626f6f7374\u0027);  var elementLength \u003d element.length;  for(var i\u003d0; i \u003c elementLength; ++i){   element[i].onclick \u003d scl;   element[i].onmouseover \u003d pmo;   element[i].onmouseout \u003d pmt;   }   if( typeof window.attachEvent !\u003d\u003d \u0027undefined\u0027 ){   top.attachEvent(\u0027onblur\u0027, pfc);   } else if( typeof window.addEventListener !\u003d\u003d \u0027undefined\u0027 ){   top.addEventListener(\u0027blur\u0027, pfc, false);   }   })();  \u003c\\/script\u003e\\\",\\\"adid\\\":\\\"4215\\\",\\\"adomain\\\":[\\\"redfin.com\\\"],\\\"iurl\\\":\\\"https:\\/\\/dsp02.apptimus.media\\/?t\u003diurl\u0026bid\u003d4215\\\",\\\"cid\\\":\\\"2132\\\",\\\"crid\\\":\\\"4215\\\",\\\"cat\\\":[],\\\"attr\\\":[],\\\"h\\\":50,\\\"w\\\":320,\\\"ext\\\":{\\\"clkp\\\":0,\\\"crtype\\\":\\\"HTML\\\",\\\"imptrackers\\\":[\\\"https:\\/\\/live.chartboost.com\\/partner\\/tappxfirstprice\\/v1\\/show?test-mode\u003dfalse\u0026app\u003d5fc551b40a0cca0837befb5e\u0026session\u003d0\u0026ad_id\u003duQ2sSeXFmtEvILDnA7RpFjHFzWCzJdZ5jXsoP3DDHdieKbP8Void8PeSPuhY3EI3ruYy8y8sV%2B1GkRHNAwBHrQvDBv6FegAbN4Lm42IRqko4%2BLnZawYJdyXiUTfB0gSV2Y1BFuKX4JwA0nBSrGjoy3Bn0Rx4cXU0hTouKiq6fMtdqfw8PGU7CSU1Icm4cB0cas0y4c7tDIbDiQMixUYRchqOtjNX9E9VC1ss9aFM%2F1d7HcLmoXe36%2FmRrDry%2BuQxByiurYEI0sYg15rJHwoy%2FkwT4El1TsBQ8fhvCkw7hzuWJwVGbI2MFkJFeAiug6MhHLh0ceWS0m5PA2ojCjEFEwwEl2FNe2nn2dfQ8pBr%2FGuvSSh%2BCPc2aGOxWXW%2F7uMABhCfnBKiFgjG%2Fxj4BzYHEFtVBVJJsF2br9lDY%2FGqrJ8cojLh5s80jTSlmHvJT2cB0DqgR9BfAqF4IqYkSwt8E%2Bho2wborxS7od%2FwUYXCZA8mD1U0iD61JrijCqBWTKLQKakb1QNuudwlXwzgYr%2FLS%2FKGmxq%2FXhh%2BCNXKkCQjGKc%2BNdc7w3AiIxuRAe8Y%2F2lK7Cv8Zz9qVaSFGWP0vkulmrIQUHFSI%2FSgzm%2FojN0b%2Fu4o5dYhrM2vZ%2FNUpFGXZ24Ta2Mg7RJQ9LsD2NKEgtutj98j1P5%2FoUvS37tBRmx8Ks4T5s%2FphRrHWa8uTZYQxgDfL08hCsHkQgPGv%2BBrwj%2B%2BKFYgg1OAFYL4r0TW1vmgleeAw%2BbMggY7cg85vuf%2BD%2BoA%2FUcAKj8l8z5qP%2FkXuW7Qde2%2FOl3L8PJl3jumBwX2lx3FJxZYs1gbNXdKN3Azzcaw3lS1JhoLlqTJgD2UJZVC%2Bt4svknooRKl1v9TWMwUlpVrQTxk3UMjejzCJKo5yHD%2BY%2FRwfUcxF0ppdZ0LzYRf0pFuwSsxEkVcn1VIq1vKXkxAPo2COv4s%2FCKWuu7qJpihCNk2vyNjBzLjhtEfz0ItsplB2kOOA%2B1v795eE5WDF7NgqnNk5CalrGY8h%2Fr32%2BMSxLJjlTjLuRG%2FmFMk8a%2Fdh37YQzLDqoj%2BMYM6wRvO7eVc8i%2BOHWsn3xR7I7lx2mszrSa2MYeqUUpdZXxL7R5TyE761pIH6WhkPoajGFeWqat4txC%2BSzvgKbtFpfdDQMI0EvbLidoKZXuxd%2FMwjVj8ooYS6OiwBSn0FhCUDZJPXlEw%2BKlGO2kTVpGDLn2RV4%2FrnfYYRAuzQ9pAhmydg81WVZu1QvT37n1UtV5hkLGHbL3farNI8RJ%2BQnQ5gUFgsSQkErVeQphV0je719R8KxG2t9sI65GPH3K38PC6b7VzF8ITc%2BVN4g55VB3SL9ysZK4Va5xHXDU8n9ztEhvBbMjaLyohRityz3i5V2NAN7iofc1yxt%2BAcQzIU%2BtGLfTW1dO6TyCF3e8VzzRuLd7pi6ZhsmAKgJYuwe1TaofQqkNgne2L0eCYS9iixaVWL7tWC6fpRzKfn9rpFqIn41742TaV%2BHs7EcYue0QO51%2BzBqtTv0CkKSlDsE2BMwFdeeKOP82UkPy5zkfMQBzBB21SfTXaaaNdmByD5B%2FBr%2FbEVx40iD1JMUfwqqFmNc2ZHCmZHAcPTp3zCmkWBnM0EFyUvld1OgxCB8%2FGVhwkb4Na9%2F9%2FKpq07ZxBu66tv%2Bu825F0gOpT36E4I5Cka0B9TVSFr3JrtS9y3p7cGcnWsIWk8Mb2JQxDRzH9pHzZKObQKiRfuQUMk2RGoKEI3A0g%2BdjXh8stNiI%2FYKkjoloUJm83uNw1CitUJCnVxhs031ek3hj34SZjwEjBtJuDJ9fmnZkXnrg0ra1QvwrpYuK3%2FC0z4NMW17Ujrx09TowGnJciwn58rcG9zGrNgoyNER5A%2FeOUj7bO3rAstOg%2FnuEF1Psmj6Pm8udto7iGpZWLFde4TgC4slXW9yKN33yLNURsdz5Q1vZxpR3YRiiApoOCugFAReXnTvxSPPHHHJRBbf6TSubi6M4x1oTdbt8gNU2laxQ7AmMwTnlQ5rZBTar1OqYauoVCxEjIX%2B5HudTacq%2B2fqR4SJyVCefLpzH2sQwSbJj6UZKd0AEYxux5JL7%2Bnpv%2FmDoBpccu5kBAYyCWFlHxB88rri6Z2hevWLE2F8iUPkcjwQI1nUPkHRKihxiY06jzihBJ3nTbH1GXYUkbFq4Y2uVJawWN9gYK28VIGFpIZvezfi2j4xk8E3GZH287B8wLpQvZNOAgx%2Bc3kMCuxRvzRmNPKENFqKkjJSf8JiRuOJ%2Fma6mz%2FLQPNVKfCRC5A05xOQ%2Fz6EHXGR6WCR5BkvmUXxinhwXjKbIvaRmp7B6lpW5L3Jz%2FsiTfNZ1Pp4t%2BarwH%2FVX1EKqHuOHJq0ng7CSSPsltpWSHtyD8ZQ6mvr7GOIT5pxby0gPWbJLCRZIIx7M9rHei7BZXSkKUsQg0Ursfpakb8mcPBBj8ImrxOGYdgLDtQigTjhv7I01ixfKzWnrXrYYSYY0c2txUpwDHxUdE9ZdNgbw2asj%2BYWabLjQo5SGOSrrMGjFsI04OHGEGNtxqUcrDGwgttYBgh0eu5LkTnGSs83StVE6JDdn5mDGEt5nRhpzKgcAynXM2mB64pEB7dec375qU36vKYBtreeRb%2BUwGjb93%2FnRLl5GpIBE61aIjrbmlXVdr2Gzll61ww4E3TKmpQu%2FXqaZuYqGuL7fZtRRc%2Fuyit7JLz7LHjtqsK3rLNJ8ogVqPIev%2FKw40VyAH14%2BBpdPJbinY%2F7RN8oWcWgAKIEerAMGTj8WWxC51fDsIWROYV0rMJ%2BvqngycU4fe2zTmzYmiFVhsWWtM4AQkrrvugEAVlaxZdkZgNA7WzI9deW%2FnE89cj6afi2QQBZwKouAJs67ryVtdx0L%2F2u99mRXxdPzerthEZEHEe3LNvgF6tV1m%2B3QldzQawsPkpX3pRvOqVaX%2FASE3LdIPLhLzTYejNFGUvJruWC5KxR24klvI0AO8c467PORmmKzV%2BXShcWFiusr5EFk5PF1YlpVR8U2KIne7P3mnh83uv8S4s70mlqkJLT0QtG7%2F\u0026bundle_id\u003d\u0026bundle\u003d\u0026sdk\u003d6.6.0\u0026sdk_type\u003dTappxFirstPrice\u0026framework_version\u003d\u0026wrapper_version\u003d\u0026ui\u003d1\u0026cached\u003d0\u0026retry_count\u003d0\u0026mobile_network\u003d0\u0026ad_type\u003d10\u0026model\u003d\u0026device_type\u003diPhone+15+Pro+Max\u0026country\u003dUS\u0026language\u003d\u0026reachability\u003d-1\u0026identity\u003deyJpZmEiOiJDRjVCMTc4MS01MTFELTQxQTYtQTM0Mi0xM0YwMDQwQTlBNTYifQ\u0026timestamp\u003d1715561140405\u0026timezone\u003d\u0026retina\u003dfalse\u0026device_family\u003dUniversal\u0026os\u003d17.4.1\u0026w\u003d430\u0026h\u003d932\u0026dw\u003d430\u0026dh\u003d932\u0026width\u003d430\u0026height\u003d932\u0026cbprice\u003d${AUCTION_PRICE}\\\",\\\"https:\\/\\/dsp02.apptimus.media\\/?t\u003dimpr\u0026bwpr\u003d0.49\u0026uniq\u003d1ed3079c38b9cc5dec69529c099878065f355f323133325f343231355f4368617274626f6f7374\\\"],\\\"trackingId\\\":\\\"7de1763e-deab-4995-bd07-9273bcbb6987\\\"}}],\\\"seat\\\":\\\"Chartboost\\\"}],\\\"cur\\\":\\\"USD\\\"}\"}","country":"US","bundle":"com.kiwifun.game.ios.ten.crush","pbUid":42487,"netId":"cb","response":true,"rqId":"6351556114014956225","rqTs":"1715561140344"}

